// Jest Snapshot v1, https://goo.gl/fbAQLP

exports[`Render component renders correctly 1`] = `
Array [
  " ",
  " ",
]
`;
