// Jest Snapshot v1, https://goo.gl/fbAQLP

exports[`Render component renders correctly 1`] = `
<RCTSafeAreaView
  emulateUnlessSupported={true}
>
  <View
    style={
      Object {
        "padding": 15,
        "width": "100%",
      }
    }
  />
</RCTSafeAreaView>
`;
