// Jest Snapshot v1, https://goo.gl/fbAQLP

exports[`Render component renders correctly 1`] = `
<Modal
  animationType="fade"
  hardwareAccelerated={false}
  image={0}
  onPress={[Function]}
  text=""
  title=""
  transparent={true}
  visible={true}
>
  <View
    style={
      Object {
        "alignItems": "center",
        "flex": 1,
        "justifyContent": "center",
      }
    }
  >
    <View
      style={
        Object {
          "alignItems": "center",
          "backgroundColor": "#353535",
          "flexDirection": "column",
          "height": "100%",
          "justifyContent": "center",
          "opacity": 0.8,
          "position": "absolute",
          "width": "100%",
        }
      }
    />
    <View
      style={
        Object {
          "paddingHorizontal": 40,
          "width": "100%",
        }
      }
    >
      <View
        style={
          Object {
            "backgroundColor": "white",
            "borderRadius": 10,
            "padding": 24,
            "paddingTop": 32,
            "width": "100%",
          }
        }
      >
        0
        <Text
          style={
            Object {
              "color": "black",
              "fontSize": 20,
              "fontWeight": "bold",
              "lineHeight": 19.6,
              "marginBottom": 24,
            }
          }
        >
          
        </Text>
        <Text
          style={
            Object {
              "color": "black",
              "fontSize": 16,
              "letterSpacing": 0.15,
              "lineHeight": 24,
              "marginBottom": 24,
              "textAlign": "left",
            }
          }
        >
          
        </Text>
        <View
          style={
            Object {
              "width": "100%",
            }
          }
        >
          <View
            accessible={true}
            collapsable={false}
            focusable={true}
            nativeID="animatedComponent"
            onClick={[Function]}
            onResponderGrant={[Function]}
            onResponderMove={[Function]}
            onResponderRelease={[Function]}
            onResponderTerminate={[Function]}
            onResponderTerminationRequest={[Function]}
            onStartShouldSetResponder={[Function]}
            style={
              Object {
                "alignItems": "center",
                "backgroundColor": "#0086ff",
                "borderRadius": 10,
                "height": 56,
                "justifyContent": "center",
                "marginBottom": 15,
                "opacity": 1,
                "padding": 10,
                "width": "100%",
              }
            }
          >
            <Text
              style={
                Object {
                  "color": "white",
                  "fontSize": 16,
                  "fontWeight": "bold",
                }
              }
            >
              OK, ENTENDI
            </Text>
          </View>
        </View>
      </View>
    </View>
  </View>
</Modal>
`;
