// Jest Snapshot v1, https://goo.gl/fbAQLP

exports[`renders correctly 1`] = `
Array [
  " ",
  <RCTSafeAreaView
    emulateUnlessSupported={true}
  >
    <View
      style={
        Object {
          "height": "100%",
          "padding": 15,
          "paddingBottom": 120,
          "width": "100%",
        }
      }
    >
      <Text
        style={
          Object {
            "color": "#0086ff",
            "fontSize": 25,
            "fontWeight": "bold",
            "marginTop": 10,
          }
        }
      >
         Total: R$ 
        0,00
      </Text>
      <View
        style={
          Object {
            "borderColor": "#0086ff",
            "borderWidth": 0.3,
            "marginVertical": 25,
            "opacity": 0.2,
            "width": "100%",
          }
        }
      />
      <RCTScrollView
        data={Array []}
        getItem={[Function]}
        getItemCount={[Function]}
        keyExtractor={[Function]}
        onContentSizeChange={[Function]}
        onLayout={[Function]}
        onMomentumScrollBegin={[Function]}
        onMomentumScrollEnd={[Function]}
        onScroll={[Function]}
        onScrollBeginDrag={[Function]}
        onScrollEndDrag={[Function]}
        removeClippedSubviews={false}
        renderItem={[Function]}
        scrollEventThrottle={50}
        stickyHeaderIndices={Array []}
        viewabilityConfigCallbackPairs={Array []}
      >
        <View />
      </RCTScrollView>
      <Modal
        animationType="fade"
        hardwareAccelerated={false}
        onClose={[Function]}
        onPress={[Function]}
        onPressSecondButton={[Function]}
        testID="finishModal"
        text="Escolha uma forma de pagamento"
        textButton="USAR CARTÃO CADASTRADO"
        textSecondButton="USAR SALDO DISPONIVEL"
        title="Finalizar compra!"
        transparent={true}
        visible={false}
      >
        <View
          style={
            Object {
              "alignItems": "center",
              "flex": 1,
              "justifyContent": "center",
            }
          }
        >
          <View
            style={
              Object {
                "alignItems": "center",
                "backgroundColor": "#353535",
                "flexDirection": "column",
                "height": "100%",
                "justifyContent": "center",
                "opacity": 0.8,
                "position": "absolute",
                "width": "100%",
              }
            }
          />
          <View
            style={
              Object {
                "paddingHorizontal": 40,
                "width": "100%",
              }
            }
          >
            <View
              style={
                Object {
                  "backgroundColor": "white",
                  "borderRadius": 10,
                  "padding": 24,
                  "paddingTop": 32,
                  "width": "100%",
                }
              }
            >
              <View
                accessible={true}
                collapsable={false}
                focusable={true}
                nativeID="animatedComponent"
                onClick={[Function]}
                onResponderGrant={[Function]}
                onResponderMove={[Function]}
                onResponderRelease={[Function]}
                onResponderTerminate={[Function]}
                onResponderTerminationRequest={[Function]}
                onStartShouldSetResponder={[Function]}
                style={
                  Object {
                    "opacity": 1,
                    "position": "absolute",
                    "right": 10,
                    "top": 10,
                    "zIndex": 99,
                  }
                }
              >
                <Text
                  allowFontScaling={false}
                  style={
                    Array [
                      Object {
                        "color": "#0086ff",
                        "fontSize": 25,
                      },
                      undefined,
                      Object {
                        "fontFamily": "anticon",
                        "fontStyle": "normal",
                        "fontWeight": "normal",
                      },
                      Object {},
                    ]
                  }
                >
                  
                </Text>
              </View>
              <Text
                style={
                  Object {
                    "color": "black",
                    "fontSize": 20,
                    "fontWeight": "bold",
                    "lineHeight": 19.6,
                    "marginBottom": 24,
                  }
                }
              >
                Finalizar compra!
              </Text>
              <Text
                style={
                  Object {
                    "color": "black",
                    "fontSize": 16,
                    "letterSpacing": 0.15,
                    "lineHeight": 24,
                    "marginBottom": 24,
                    "textAlign": "left",
                  }
                }
              >
                Escolha uma forma de pagamento
              </Text>
              <View
                style={
                  Object {
                    "width": "100%",
                  }
                }
              >
                <View
                  accessible={true}
                  collapsable={false}
                  focusable={true}
                  nativeID="animatedComponent"
                  onClick={[Function]}
                  onResponderGrant={[Function]}
                  onResponderMove={[Function]}
                  onResponderRelease={[Function]}
                  onResponderTerminate={[Function]}
                  onResponderTerminationRequest={[Function]}
                  onStartShouldSetResponder={[Function]}
                  style={
                    Object {
                      "alignItems": "center",
                      "backgroundColor": "#0086ff",
                      "borderRadius": 10,
                      "height": 56,
                      "justifyContent": "center",
                      "marginBottom": 15,
                      "opacity": 1,
                      "padding": 10,
                      "width": "100%",
                    }
                  }
                >
                  <Text
                    style={
                      Object {
                        "color": "white",
                        "fontSize": 16,
                        "fontWeight": "bold",
                      }
                    }
                  >
                    USAR CARTÃO CADASTRADO
                  </Text>
                </View>
                <View
                  accessible={true}
                  collapsable={false}
                  focusable={true}
                  nativeID="animatedComponent"
                  onClick={[Function]}
                  onResponderGrant={[Function]}
                  onResponderMove={[Function]}
                  onResponderRelease={[Function]}
                  onResponderTerminate={[Function]}
                  onResponderTerminationRequest={[Function]}
                  onStartShouldSetResponder={[Function]}
                  style={
                    Object {
                      "alignItems": "center",
                      "backgroundColor": "white",
                      "borderColor": "#0086ff",
                      "borderRadius": 10,
                      "borderWidth": 1.5,
                      "height": 56,
                      "justifyContent": "center",
                      "opacity": 1,
                      "padding": 10,
                      "width": "100%",
                    }
                  }
                >
                  <Text
                    style={
                      Object {
                        "color": "#0086ff",
                        "fontSize": 16,
                        "fontWeight": "bold",
                      }
                    }
                  >
                    USAR SALDO DISPONIVEL
                  </Text>
                </View>
              </View>
            </View>
          </View>
        </View>
      </Modal>
    </View>
  </RCTSafeAreaView>,
  <View
    style={
      Object {
        "alignItems": "center",
        "alignSelf": "center",
        "backgroundColor": "white",
        "bottom": 0,
        "flexDirection": "column",
        "justifyContent": "center",
        "position": "absolute",
        "width": "100%",
      }
    }
  >
    <View
      accessible={true}
      collapsable={false}
      focusable={true}
      nativeID="animatedComponent"
      onClick={[Function]}
      onResponderGrant={[Function]}
      onResponderMove={[Function]}
      onResponderRelease={[Function]}
      onResponderTerminate={[Function]}
      onResponderTerminationRequest={[Function]}
      onStartShouldSetResponder={[Function]}
      style={
        Object {
          "alignItems": "center",
          "backgroundColor": "white",
          "borderColor": "#0086ff",
          "borderRadius": 10,
          "borderWidth": 1,
          "flexDirection": "row",
          "height": 50,
          "justifyContent": "center",
          "marginBottom": 10,
          "opacity": 1,
          "width": "100%",
        }
      }
    >
      <Text
        style={
          Object {
            "color": "#0086ff",
            "fontSize": 18,
            "fontWeight": "bold",
            "textAlign": "center",
          }
        }
      >
        CONTINUAR COMPRANDO
      </Text>
    </View>
    <View
      accessible={true}
      collapsable={false}
      focusable={true}
      nativeID="animatedComponent"
      onClick={[Function]}
      onResponderGrant={[Function]}
      onResponderMove={[Function]}
      onResponderRelease={[Function]}
      onResponderTerminate={[Function]}
      onResponderTerminationRequest={[Function]}
      onStartShouldSetResponder={[Function]}
      style={
        Object {
          "alignItems": "center",
          "backgroundColor": "#0086ff",
          "borderRadius": 10,
          "flexDirection": "row",
          "height": 50,
          "justifyContent": "center",
          "marginBottom": 10,
          "opacity": 1,
          "width": "100%",
        }
      }
    >
      <Text
        style={
          Object {
            "color": "white",
            "fontSize": 18,
            "fontWeight": "bold",
          }
        }
      >
        FINALIZAR COMPRA
      </Text>
    </View>
  </View>,
  " ",
]
`;
